C:\>ruby
ruby: Interrupt

C:\>ruby -v
ruby 2.1.3p242 (2014-09-19 revision 47630) [x64-mingw32]

C:\>cd C:\Users\Thomas\Desktop\Ruby Selenium\Devkit

C:\Users\Thomas\Desktop\Ruby Selenium\Devkit> ruby dk.rb init
[INFO] found RubyInstaller v2.1.3 at C:/Ruby21-x64

Initialization complete! Please review and modify the auto-generated
'config.yml' file to ensure it contains the root directories to all
of the installed Rubies you want enhanced by the DevKit.

C:\Users\Thomas\Desktop\Ruby Selenium\Devkit>ruby dk.rb install
[INFO] Updating convenience notice gem override for 'C:/Ruby21-x64'
[INFO] Installing 'C:/Ruby21-x64/lib/ruby/site_ruby/devkit.rb'

C:\Users\Thomas\Desktop\Ruby Selenium\Devkit>gem install bundler
ERROR:  Could not find a valid gem 'bundler' (>= 0), here is why:
          Unable to download data from https://rubygems.org/ - SSL_connect retur
ned=1 errno=0 state=SSLv3 read server certificate B: certificate verify failed (
https://api.rubygems.org/latest_specs.4.8.gz)

C:\Users\Thomas\Desktop\Ruby Selenium\Devkit>gem sources -a http://rubygems.org
https://rubygems.org is recommended for security over http://rubygems.org

Do you want to add this insecure source? [yn]  y
http://rubygems.org added to sources

C:\Users\Thomas\Desktop\Ruby Selenium\Devkit>gem install bundler
Fetching: bundler-1.8.3.gem (100%)
Successfully installed bundler-1.8.3
Parsing documentation for bundler-1.8.3
Installing ri documentation for bundler-1.8.3
Done installing documentation for bundler after 17 seconds
WARNING:  Unable to pull data from 'https://rubygems.org/': SSL_connect returned
=1 errno=0 state=SSLv3 read server certificate B: certificate verify failed (htt
ps://api.rubygems.org/latest_specs.4.8.gz)
1 gem installed

C:\Users\Thomas\Desktop\Ruby Selenium\Devkit>gem install rspec -v 2.14.1
Fetching: rspec-core-2.14.8.gem (100%)
Successfully installed rspec-core-2.14.8
Fetching: diff-lcs-1.2.5.gem (100%)
Successfully installed diff-lcs-1.2.5
Fetching: rspec-expectations-2.14.5.gem (100%)
Successfully installed rspec-expectations-2.14.5
Fetching: rspec-mocks-2.14.6.gem (100%)
Successfully installed rspec-mocks-2.14.6
Fetching: rspec-2.14.1.gem (100%)
Successfully installed rspec-2.14.1
Parsing documentation for diff-lcs-1.2.5
Installing ri documentation for diff-lcs-1.2.5
Parsing documentation for rspec-2.14.1
Installing ri documentation for rspec-2.14.1
Parsing documentation for rspec-core-2.14.8
Installing ri documentation for rspec-core-2.14.8
Parsing documentation for rspec-expectations-2.14.5
Installing ri documentation for rspec-expectations-2.14.5
Parsing documentation for rspec-mocks-2.14.6
Installing ri documentation for rspec-mocks-2.14.6
Done installing documentation for diff-lcs, rspec, rspec-core, rspec-expectation
s, rspec-mocks after 27 seconds
WARNING:  Unable to pull data from 'https://rubygems.org/': SSL_connect returned
=1 errno=0 state=SSLv3 read server certificate B: certificate verify failed (htt
ps://api.rubygems.org/specs.4.8.gz)
5 gems installed

C:\Users\Thomas\Desktop\Ruby Selenium\Devkit>gem install selenium-webdriver
Fetching: multi_json-1.10.1.gem (100%)
Successfully installed multi_json-1.10.1
Fetching: rubyzip-1.1.7.gem (100%)
Successfully installed rubyzip-1.1.7
Fetching: ffi-1.9.6-x64-mingw32.gem (100%)
Successfully installed ffi-1.9.6-x64-mingw32
Fetching: childprocess-0.5.5.gem (100%)
Successfully installed childprocess-0.5.5
Fetching: websocket-1.2.1.gem (100%)
Successfully installed websocket-1.2.1
Fetching: selenium-webdriver-2.44.0.gem (100%)
Successfully installed selenium-webdriver-2.44.0
Parsing documentation for childprocess-0.5.5
Installing ri documentation for childprocess-0.5.5
Parsing documentation for ffi-1.9.6-x64-mingw32
Installing ri documentation for ffi-1.9.6-x64-mingw32
Parsing documentation for multi_json-1.10.1
Installing ri documentation for multi_json-1.10.1
Parsing documentation for rubyzip-1.1.7
Installing ri documentation for rubyzip-1.1.7
Parsing documentation for selenium-webdriver-2.44.0
Installing ri documentation for selenium-webdriver-2.44.0
Parsing documentation for websocket-1.2.1
Installing ri documentation for websocket-1.2.1
Done installing documentation for childprocess, ffi, multi_json, rubyzip, seleni
um-webdriver, websocket after 31 seconds
WARNING:  Unable to pull data from 'https://rubygems.org/': SSL_connect returned
=1 errno=0 state=SSLv3 read server certificate B: certificate verify failed (htt
ps://api.rubygems.org/latest_specs.4.8.gz)
6 gems installed

C:\Users\Thomas\Desktop\Ruby Selenium\Devkit>gem sources -r http://rubygems.org
http://rubygems.org removed from sources

C:\Users\Thomas\Desktop\Ruby Selenium\Devkit>gem sources -a http://rubygems.org
https://rubygems.org is recommended for security over http://rubygems.org

Do you want to add this insecure source? [yn]  y
http://rubygems.org added to sources

C:\Users\Thomas\Desktop\Ruby Selenium\Devkit>gem sources -r https://rubygems.org

source https://rubygems.org not present in cache

C:\Users\Thomas\Desktop\Ruby Selenium\Devkit>gem sources
*** CURRENT SOURCES ***

https://rubygems.org/
http://rubygems.org

C:\Users\Thomas\Desktop\Ruby Selenium\Devkit>gem sources -r https://rubygems.org
/
https://rubygems.org/ removed from sources

C:\Users\Thomas\Desktop\Ruby Selenium\Devkit>gem sources
*** CURRENT SOURCES ***

http://rubygems.org

C:\Users\Thomas\Desktop\Ruby Selenium\Devkit>ruby bmi.rb
ruby: No such file or directory -- bmi.rb (LoadError)

C:\Users\Thomas\Desktop\Ruby Selenium\Devkit>cd..

C:\Users\Thomas\Desktop\Ruby Selenium>ruby bmi.rb
What is your height in inches?  100
What is your weight in pounds?  20
Your BMI is: 1.41
Underweight!

C:\Users\Thomas\Desktop\Ruby Selenium>ruby login_spec.rb
login_spec.rb:3:in `<main>': undefined method `describe' for main:Object (NoMeth
odError)

C:\Users\Thomas\Desktop\Ruby Selenium>rspec login_spec.rb
.

Finished in 21.78 seconds
1 example, 0 failures

C:\Users\Thomas\Desktop\Ruby Selenium>